
 [ERROR] store is not supported                                                                                         

