
 [OK] projection deleted schema                                                                                         

 [OK] projection created schema                                                                                         

 ! [CAUTION] rebuild projections                                                                                        

 0/5 [░░░░░░░░░░░░░░░░░░░░░░░░░░░░]   0%
 5/5 [▓▓▓▓▓▓▓▓▓▓▓▓▓▓▓▓▓▓▓▓▓▓▓▓▓▓▓▓] 100%

 [OK] finish                                                                                                            

