
 [ERROR] Please run the operation with --force to execute. Database could break!                                        

